
> vue-berita@0.0.0 build
> vite build

[36mvite v7.3.1 [32mbuilding client environment for production...[36m[39m
transforming...
[32m✓[39m 281 modules transformed.
rendering chunks...
[33m[plugin vite:reporter] 
(!) D:/laragon/www/temanpreneur/temanpreneur-frontend/src/services/product.js is dynamically imported by D:/laragon/www/temanpreneur/temanpreneur-frontend/src/views/public/Catalog.vue but also statically imported by D:/laragon/www/temanpreneur/temanpreneur-frontend/src/views/public/Home.vue, D:/laragon/www/temanpreneur/temanpreneur-frontend/src/views/public/SellerProfile.vue, dynamic import will not move module into another chunk.
[39m
[33m[plugin vite:reporter] 
(!) D:/laragon/www/temanpreneur/temanpreneur-frontend/src/services/blog.js is dynamically imported by D:/laragon/www/temanpreneur/temanpreneur-frontend/src/views/public/Blog.vue, D:/laragon/www/temanpreneur/temanpreneur-frontend/src/views/public/BlogDetail.vue but also statically imported by D:/laragon/www/temanpreneur/temanpreneur-frontend/src/views/public/SellerProfile.vue, D:/laragon/www/temanpreneur/temanpreneur-frontend/src/views/seller/BlogUsaha.vue, dynamic import will not move module into another chunk.
[39m
[33m[plugin vite:reporter] 
(!) D:/laragon/www/temanpreneur/temanpreneur-frontend/src/views/buyer/OrderDetail.vue is dynamically imported by D:/laragon/www/temanpreneur/temanpreneur-frontend/src/router/index.js but also statically imported by D:/laragon/www/temanpreneur/temanpreneur-frontend/src/router/index.js, dynamic import will not move module into another chunk.
[39m
computing gzip size...
[2mdist/[22m[32mindex.html                             [39m[1m[2m  0.46 kB[22m[1m[22m[2m │ gzip:   0.29 kB[22m
[2mdist/[22m[32massets/bootstrap-icons-mSm7cUeB.woff2  [39m[1m[2m134.04 kB[22m[1m[22m
[2mdist/[22m[32massets/bootstrap-icons-BeopsB42.woff   [39m[1m[2m180.29 kB[22m[1m[22m
[2mdist/[22m[35massets/StoreProfile-BVHHYhE-.css       [39m[1m[2m  3.24 kB[22m[1m[22m[2m │ gzip:   1.03 kB[22m
[2mdist/[22m[35massets/BuyerFav-BSe1YId4.css           [39m[1m[2m  4.63 kB[22m[1m[22m[2m │ gzip:   1.36 kB[22m
[2mdist/[22m[35massets/BuyerUlasan-CkysUegR.css        [39m[1m[2m  5.94 kB[22m[1m[22m[2m │ gzip:   1.67 kB[22m
[2mdist/[22m[35massets/BuyerLaporan-CVPHg3xO.css       [39m[1m[2m  6.53 kB[22m[1m[22m[2m │ gzip:   1.70 kB[22m
[2mdist/[22m[35massets/Checkout-O7G0ZRrh.css           [39m[1m[2m  7.28 kB[22m[1m[22m[2m │ gzip:   1.79 kB[22m
[2mdist/[22m[35massets/index-DCfZ5EPn.css              [39m[1m[2m591.62 kB[22m[1m[22m[2m │ gzip:  87.10 kB[22m
[2mdist/[22m[36massets/BuyerUlasan-CTfMBc8t.js         [39m[1m[2m  4.79 kB[22m[1m[22m[2m │ gzip:   2.22 kB[22m
[2mdist/[22m[36massets/BuyerFav-b_DIbL8B.js            [39m[1m[2m  4.96 kB[22m[1m[22m[2m │ gzip:   2.18 kB[22m
[2mdist/[22m[36massets/BuyerLaporan-_lvRcepF.js        [39m[1m[2m  8.44 kB[22m[1m[22m[2m │ gzip:   3.37 kB[22m
[2mdist/[22m[36massets/StoreProfile-DMcifnsm.js        [39m[1m[2m  8.95 kB[22m[1m[22m[2m │ gzip:   3.00 kB[22m
[2mdist/[22m[36massets/Checkout-BwRtfVED.js            [39m[1m[2m 12.96 kB[22m[1m[22m[2m │ gzip:   4.53 kB[22m
[2mdist/[22m[36massets/index-ClaapJaY.js               [39m[1m[33m635.58 kB[39m[22m[2m │ gzip: 187.77 kB[22m
[33m
(!) Some chunks are larger than 500 kB after minification. Consider:
- Using dynamic import() to code-split the application
- Use build.rollupOptions.output.manualChunks to improve chunking: https://rollupjs.org/configuration-options/#output-manualchunks
- Adjust chunk size limit for this warning via build.chunkSizeWarningLimit.[39m
[32m✓ built in 4.89s[39m
